#-----------------------------------------------------------
# Vivado v2019.1 (64-bit)
# SW Build 2552052 on Fri May 24 14:49:42 MDT 2019
# IP Build 2548770 on Fri May 24 18:01:18 MDT 2019
# Start of session at: Wed Oct  5 00:01:35 2022
# Process ID: 11876
# Current directory: C:/Users/carlo/Andrey/TEC/Semestre_II_2022/Taller_Digitales/Laboratorios/Lab3/Respaldo/Ejercicios_v8/Proyectos/Ejercicio4/vivado_project.runs/dist_mem_gen_0_synth_1
# Command line: vivado.exe -log dist_mem_gen_0.vds -product Vivado -mode batch -messageDb vivado.pb -notrace -source dist_mem_gen_0.tcl
# Log file: C:/Users/carlo/Andrey/TEC/Semestre_II_2022/Taller_Digitales/Laboratorios/Lab3/Respaldo/Ejercicios_v8/Proyectos/Ejercicio4/vivado_project.runs/dist_mem_gen_0_synth_1/dist_mem_gen_0.vds
# Journal file: C:/Users/carlo/Andrey/TEC/Semestre_II_2022/Taller_Digitales/Laboratorios/Lab3/Respaldo/Ejercicios_v8/Proyectos/Ejercicio4/vivado_project.runs/dist_mem_gen_0_synth_1\vivado.jou
#-----------------------------------------------------------
source dist_mem_gen_0.tcl -notrace
