#-----------------------------------------------------------
# Vivado v2019.1 (64-bit)
# SW Build 2552052 on Fri May 24 14:49:42 MDT 2019
# IP Build 2548770 on Fri May 24 18:01:18 MDT 2019
# Start of session at: Thu Oct  6 03:50:53 2022
# Process ID: 28108
# Current directory: C:/Users/carlo/Andrey/TEC/Semestre_II_2022/Taller_Digitales/Laboratorios/Lab3/Respaldo/Ejercicios_v10/Proyectos/Ejercicio4
# Command line: vivado.exe -gui_launcher_event rodinguilauncherevent28928 C:\Users\carlo\Andrey\TEC\Semestre_II_2022\Taller_Digitales\Laboratorios\Lab3\Respaldo\Ejercicios_v10\Proyectos\Ejercicio4\vivado_project.xpr
# Log file: C:/Users/carlo/Andrey/TEC/Semestre_II_2022/Taller_Digitales/Laboratorios/Lab3/Respaldo/Ejercicios_v10/Proyectos/Ejercicio4/vivado.log
# Journal file: C:/Users/carlo/Andrey/TEC/Semestre_II_2022/Taller_Digitales/Laboratorios/Lab3/Respaldo/Ejercicios_v10/Proyectos/Ejercicio4\vivado.jou
#-----------------------------------------------------------
start_gui
open_project C:/Users/carlo/Andrey/TEC/Semestre_II_2022/Taller_Digitales/Laboratorios/Lab3/Respaldo/Ejercicios_v10/Proyectos/Ejercicio4/vivado_project.xpr
update_compile_order -fileset sources_1
close [ open C:/Users/carlo/Andrey/TEC/Semestre_II_2022/Taller_Digitales/Laboratorios/Lab3/Respaldo/Ejercicios_v9/Ejercicio4/module_flags_sd.sv w ]
add_files C:/Users/carlo/Andrey/TEC/Semestre_II_2022/Taller_Digitales/Laboratorios/Lab3/Respaldo/Ejercicios_v9/Ejercicio4/module_flags_sd.sv
update_compile_order -fileset sources_1
update_compile_order -fileset sources_1
reset_run synth_1
launch_runs impl_1 -to_step write_bitstream -jobs 8
wait_on_run impl_1
reset_run synth_1
launch_runs impl_1 -to_step write_bitstream -jobs 8
wait_on_run impl_1
open_hw
connect_hw_server
open_hw_target
set_property PROGRAM.FILE {C:/Users/carlo/Andrey/TEC/Semestre_II_2022/Taller_Digitales/Laboratorios/Lab3/Respaldo/Ejercicios_v10/Proyectos/Ejercicio4/vivado_project.runs/impl_1/top_tactico.bit} [get_hw_devices xc7a100t_0]
current_hw_device [get_hw_devices xc7a100t_0]
refresh_hw_device -update_hw_probes false [lindex [get_hw_devices xc7a100t_0] 0]
set_property PROBES.FILE {} [get_hw_devices xc7a100t_0]
set_property FULL_PROBES.FILE {} [get_hw_devices xc7a100t_0]
set_property PROGRAM.FILE {C:/Users/carlo/Andrey/TEC/Semestre_II_2022/Taller_Digitales/Laboratorios/Lab3/Respaldo/Ejercicios_v10/Proyectos/Ejercicio4/vivado_project.runs/impl_1/top_tactico.bit} [get_hw_devices xc7a100t_0]
program_hw_devices [get_hw_devices xc7a100t_0]
refresh_hw_device [lindex [get_hw_devices xc7a100t_0] 0]
close_hw
launch_simulation
launch_simulation
launch_simulation
open_wave_config C:/Users/carlo/Andrey/TEC/Semestre_II_2022/Taller_Digitales/Laboratorios/Lab3/Respaldo/Ejercicios_v10/Ejercicio3/tb_spi_pmodALS_behav.wcfg
source tb_spi_pmodALS.tcl
run all
reset_run synth_1
launch_runs impl_1 -to_step write_bitstream -jobs 8
wait_on_run impl_1
open_hw
connect_hw_server
open_hw_target
set_property PROGRAM.FILE {C:/Users/carlo/Andrey/TEC/Semestre_II_2022/Taller_Digitales/Laboratorios/Lab3/Respaldo/Ejercicios_v10/Proyectos/Ejercicio4/vivado_project.runs/impl_1/top_tactico.bit} [get_hw_devices xc7a100t_0]
current_hw_device [get_hw_devices xc7a100t_0]
refresh_hw_device -update_hw_probes false [lindex [get_hw_devices xc7a100t_0] 0]
set_property PROBES.FILE {} [get_hw_devices xc7a100t_0]
set_property FULL_PROBES.FILE {} [get_hw_devices xc7a100t_0]
set_property PROGRAM.FILE {C:/Users/carlo/Andrey/TEC/Semestre_II_2022/Taller_Digitales/Laboratorios/Lab3/Respaldo/Ejercicios_v10/Proyectos/Ejercicio4/vivado_project.runs/impl_1/top_tactico.bit} [get_hw_devices xc7a100t_0]
program_hw_devices [get_hw_devices xc7a100t_0]
refresh_hw_device [lindex [get_hw_devices xc7a100t_0] 0]
close_hw
save_wave_config {C:/Users/carlo/Andrey/TEC/Semestre_II_2022/Taller_Digitales/Laboratorios/Lab3/Respaldo/Ejercicios_v10/Ejercicio3/tb_spi_pmodALS_behav.wcfg}
close_sim
launch_simulation
open_wave_config C:/Users/carlo/Andrey/TEC/Semestre_II_2022/Taller_Digitales/Laboratorios/Lab3/Respaldo/Ejercicios_v10/Ejercicio3/tb_spi_pmodALS_behav.wcfg
source tb_spi_pmodALS.tcl
run all
run all
run all
relaunch_sim
run all
relaunch_sim
relaunch_sim
run all
save_wave_config {C:/Users/carlo/Andrey/TEC/Semestre_II_2022/Taller_Digitales/Laboratorios/Lab3/Respaldo/Ejercicios_v10/Ejercicio3/tb_spi_pmodALS_behav.wcfg}
close_sim
launch_simulation
open_wave_config C:/Users/carlo/Andrey/TEC/Semestre_II_2022/Taller_Digitales/Laboratorios/Lab3/Respaldo/Ejercicios_v10/Ejercicio3/tb_spi_pmodALS_behav.wcfg
source tb_spi_pmodALS.tcl
run all
relaunch_sim
run all
save_wave_config {C:/Users/carlo/Andrey/TEC/Semestre_II_2022/Taller_Digitales/Laboratorios/Lab3/Respaldo/Ejercicios_v10/Ejercicio3/tb_spi_pmodALS_behav.wcfg}
close_sim
launch_simulation
open_wave_config C:/Users/carlo/Andrey/TEC/Semestre_II_2022/Taller_Digitales/Laboratorios/Lab3/Respaldo/Ejercicios_v10/Ejercicio3/tb_spi_pmodALS_behav.wcfg
source tb_spi_pmodALS.tcl
run all
relaunch_sim
run all
save_wave_config {C:/Users/carlo/Andrey/TEC/Semestre_II_2022/Taller_Digitales/Laboratorios/Lab3/Respaldo/Ejercicios_v10/Ejercicio3/tb_spi_pmodALS_behav.wcfg}
close_sim
launch_simulation
launch_simulation
open_wave_config C:/Users/carlo/Andrey/TEC/Semestre_II_2022/Taller_Digitales/Laboratorios/Lab3/Respaldo/Ejercicios_v10/Ejercicio3/tb_spi_pmodALS_behav.wcfg
source tb_spi_pmodALS.tcl
run all
close_sim
launch_simulation
open_wave_config C:/Users/carlo/Andrey/TEC/Semestre_II_2022/Taller_Digitales/Laboratorios/Lab3/Respaldo/Ejercicios_v10/Ejercicio3/tb_spi_pmodALS_behav.wcfg
source tb_spi_pmodALS.tcl
run all
close_sim
launch_simulation
open_wave_config C:/Users/carlo/Andrey/TEC/Semestre_II_2022/Taller_Digitales/Laboratorios/Lab3/Respaldo/Ejercicios_v10/Ejercicio3/tb_spi_pmodALS_behav.wcfg
source tb_spi_pmodALS.tcl
run all
relaunch_sim
run all
relaunch_sim
run all
relaunch_sim
run all
relaunch_sim
relaunch_sim
run all
run all
reset_run synth_1
launch_runs impl_1 -to_step write_bitstream -jobs 8
wait_on_run impl_1
open_hw
connect_hw_server
open_hw_target
set_property PROGRAM.FILE {C:/Users/carlo/Andrey/TEC/Semestre_II_2022/Taller_Digitales/Laboratorios/Lab3/Respaldo/Ejercicios_v10/Proyectos/Ejercicio4/vivado_project.runs/impl_1/top_tactico.bit} [get_hw_devices xc7a100t_0]
current_hw_device [get_hw_devices xc7a100t_0]
refresh_hw_device -update_hw_probes false [lindex [get_hw_devices xc7a100t_0] 0]
set_property PROBES.FILE {} [get_hw_devices xc7a100t_0]
set_property FULL_PROBES.FILE {} [get_hw_devices xc7a100t_0]
set_property PROGRAM.FILE {C:/Users/carlo/Andrey/TEC/Semestre_II_2022/Taller_Digitales/Laboratorios/Lab3/Respaldo/Ejercicios_v10/Proyectos/Ejercicio4/vivado_project.runs/impl_1/top_tactico.bit} [get_hw_devices xc7a100t_0]
program_hw_devices [get_hw_devices xc7a100t_0]
refresh_hw_device [lindex [get_hw_devices xc7a100t_0] 0]
close_hw
save_wave_config {C:/Users/carlo/Andrey/TEC/Semestre_II_2022/Taller_Digitales/Laboratorios/Lab3/Respaldo/Ejercicios_v10/Ejercicio3/tb_spi_pmodALS_behav.wcfg}
close_sim
launch_simulation
open_wave_config C:/Users/carlo/Andrey/TEC/Semestre_II_2022/Taller_Digitales/Laboratorios/Lab3/Respaldo/Ejercicios_v10/Ejercicio3/tb_spi_pmodALS_behav.wcfg
source tb_spi_pmodALS.tcl
run all
run all
relaunch_sim
run all
run all
reset_run synth_1
launch_runs impl_1 -to_step write_bitstream -jobs 8
wait_on_run impl_1
open_hw
connect_hw_server
open_hw_target
set_property PROGRAM.FILE {C:/Users/carlo/Andrey/TEC/Semestre_II_2022/Taller_Digitales/Laboratorios/Lab3/Respaldo/Ejercicios_v10/Proyectos/Ejercicio4/vivado_project.runs/impl_1/top_tactico.bit} [get_hw_devices xc7a100t_0]
current_hw_device [get_hw_devices xc7a100t_0]
refresh_hw_device -update_hw_probes false [lindex [get_hw_devices xc7a100t_0] 0]
set_property PROBES.FILE {} [get_hw_devices xc7a100t_0]
set_property FULL_PROBES.FILE {} [get_hw_devices xc7a100t_0]
set_property PROGRAM.FILE {C:/Users/carlo/Andrey/TEC/Semestre_II_2022/Taller_Digitales/Laboratorios/Lab3/Respaldo/Ejercicios_v10/Proyectos/Ejercicio4/vivado_project.runs/impl_1/top_tactico.bit} [get_hw_devices xc7a100t_0]
program_hw_devices [get_hw_devices xc7a100t_0]
refresh_hw_device [lindex [get_hw_devices xc7a100t_0] 0]
close_hw
save_wave_config {C:/Users/carlo/Andrey/TEC/Semestre_II_2022/Taller_Digitales/Laboratorios/Lab3/Respaldo/Ejercicios_v10/Ejercicio3/tb_spi_pmodALS_behav.wcfg}
close_sim
launch_simulation
open_wave_config C:/Users/carlo/Andrey/TEC/Semestre_II_2022/Taller_Digitales/Laboratorios/Lab3/Respaldo/Ejercicios_v10/Ejercicio3/tb_spi_pmodALS_behav.wcfg
source tb_spi_pmodALS.tcl
run all
run all
run all
run all
reset_run synth_1
launch_runs impl_1 -to_step write_bitstream -jobs 8
wait_on_run impl_1
open_hw
connect_hw_server
open_hw_target
set_property PROGRAM.FILE {C:/Users/carlo/Andrey/TEC/Semestre_II_2022/Taller_Digitales/Laboratorios/Lab3/Respaldo/Ejercicios_v10/Proyectos/Ejercicio4/vivado_project.runs/impl_1/top_tactico.bit} [get_hw_devices xc7a100t_0]
current_hw_device [get_hw_devices xc7a100t_0]
refresh_hw_device -update_hw_probes false [lindex [get_hw_devices xc7a100t_0] 0]
set_property PROBES.FILE {} [get_hw_devices xc7a100t_0]
set_property FULL_PROBES.FILE {} [get_hw_devices xc7a100t_0]
set_property PROGRAM.FILE {C:/Users/carlo/Andrey/TEC/Semestre_II_2022/Taller_Digitales/Laboratorios/Lab3/Respaldo/Ejercicios_v10/Proyectos/Ejercicio4/vivado_project.runs/impl_1/top_tactico.bit} [get_hw_devices xc7a100t_0]
program_hw_devices [get_hw_devices xc7a100t_0]
refresh_hw_device [lindex [get_hw_devices xc7a100t_0] 0]
set_property PROBES.FILE {} [get_hw_devices xc7a100t_0]
set_property FULL_PROBES.FILE {} [get_hw_devices xc7a100t_0]
set_property PROGRAM.FILE {C:/Users/carlo/Andrey/TEC/Semestre_II_2022/Taller_Digitales/Laboratorios/Lab3/Respaldo/Ejercicios_v10/Proyectos/Ejercicio4/vivado_project.runs/impl_1/top_tactico.bit} [get_hw_devices xc7a100t_0]
program_hw_devices [get_hw_devices xc7a100t_0]
refresh_hw_device [lindex [get_hw_devices xc7a100t_0] 0]
close_hw
close_sim
launch_simulation
open_wave_config C:/Users/carlo/Andrey/TEC/Semestre_II_2022/Taller_Digitales/Laboratorios/Lab3/Respaldo/Ejercicios_v10/Ejercicio3/tb_spi_pmodALS_behav.wcfg
source tb_spi_pmodALS.tcl
run all
relaunch_sim
run all
update_compile_order -fileset sources_1
