#-----------------------------------------------------------
# Vivado v2019.1 (64-bit)
# SW Build 2552052 on Fri May 24 14:49:42 MDT 2019
# IP Build 2548770 on Fri May 24 18:01:18 MDT 2019
# Start of session at: Wed Sep 21 22:50:10 2022
# Process ID: 23740
# Current directory: D:/Documentos/GitHub/lab02-g03/lab03spi-g03/Ejercicios/Proyectos/Ejercicio2
# Command line: vivado.exe -gui_launcher_event rodinguilauncherevent13464 D:\Documentos\GitHub\lab02-g03\lab03spi-g03\Ejercicios\Proyectos\Ejercicio2\vivado_project.xpr
# Log file: D:/Documentos/GitHub/lab02-g03/lab03spi-g03/Ejercicios/Proyectos/Ejercicio2/vivado.log
# Journal file: D:/Documentos/GitHub/lab02-g03/lab03spi-g03/Ejercicios/Proyectos/Ejercicio2\vivado.jou
#-----------------------------------------------------------
start_gui
open_project D:/Documentos/GitHub/lab02-g03/lab03spi-g03/Ejercicios/Proyectos/Ejercicio2/vivado_project.xpr
update_compile_order -fileset sources_1
update_compile_order -fileset sim_1
launch_simulation
open_wave_config D:/Documentos/GitHub/lab02-g03/lab03spi-g03/Ejercicios/Ejercicio2/tb_master_race_spi_behav.wcfg
source top_tactico.tcl
update_compile_order -fileset sim_1
set_property -name {xsim.simulate.runtime} -value {100000ns} -objects [get_filesets sim_1]
relaunch_sim
launch_simulation
open_wave_config D:/Documentos/GitHub/lab02-g03/lab03spi-g03/Ejercicios/Ejercicio2/tb_master_race_spi_behav.wcfg
source tb_master_race_spi.tcl
run all
set_property -name {xsim.simulate.runtime} -value {10000ns} -objects [get_filesets sim_1]
relaunch_sim
set_property -name {xsim.simulate.runtime} -value {100000ns} -objects [get_filesets sim_1]
close_sim
launch_simulation
open_wave_config D:/Documentos/GitHub/lab02-g03/lab03spi-g03/Ejercicios/Ejercicio2/tb_master_race_spi_behav.wcfg
source tb_master_race_spi.tcl
close_sim
close_sim
launch_simulation
open_wave_config D:/Documentos/GitHub/lab02-g03/lab03spi-g03/Ejercicios/Ejercicio2/tb_master_race_spi_behav.wcfg
source tb_master_race_spi.tcl
close_sim
set_property -name {xsim.simulate.runtime} -value {1000000ns} -objects [get_filesets sim_1]
launch_simulation
open_wave_config D:/Documentos/GitHub/lab02-g03/lab03spi-g03/Ejercicios/Ejercicio2/tb_master_race_spi_behav.wcfg
source tb_master_race_spi.tcl
close_sim
launch_simulation
open_wave_config D:/Documentos/GitHub/lab02-g03/lab03spi-g03/Ejercicios/Ejercicio2/tb_master_race_spi_behav.wcfg
source tb_master_race_spi.tcl
run all
current_wave_config {tb_master_race_spi_behav.wcfg}
add_wave {{/tb_master_race_spi/autoverificacion}} 
relaunch_sim
close_sim
launch_simulation
open_wave_config D:/Documentos/GitHub/lab02-g03/lab03spi-g03/Ejercicios/Ejercicio2/tb_master_race_spi_behav.wcfg
source tb_master_race_spi.tcl
current_wave_config {tb_master_race_spi_behav.wcfg}
add_wave {{/tb_master_race_spi/top_tactico1/salida}} 
current_wave_config {tb_master_race_spi_behav.wcfg}
add_wave {{/tb_master_race_spi/top_tactico1/sw_addr_in_pi}} 
current_wave_config {tb_master_race_spi_behav.wcfg}
add_wave {{/tb_master_race_spi/autoverificacion}} 
save_wave_config {D:/Documentos/GitHub/lab02-g03/lab03spi-g03/Ejercicios/Ejercicio2/tb_master_race_spi_behav.wcfg}
relaunch_sim
close_sim
launch_simulation
open_wave_config D:/Documentos/GitHub/lab02-g03/lab03spi-g03/Ejercicios/Ejercicio2/tb_master_race_spi_behav.wcfg
source tb_master_race_spi.tcl
relaunch_sim
reset_run synth_1
launch_runs synth_1 -jobs 8
wait_on_run synth_1
launch_runs impl_1 -jobs 8
wait_on_run impl_1
launch_simulation -mode post-synthesis -type functional
open_wave_config D:/Documentos/GitHub/lab02-g03/lab03spi-g03/Ejercicios/Ejercicio2/tb_master_race_spi_behav.wcfg
source tb_master_race_spi.tcl
launch_simulation -mode post-implementation -type functional
open_wave_config D:/Documentos/GitHub/lab02-g03/lab03spi-g03/Ejercicios/Ejercicio2/tb_master_race_spi_behav.wcfg
source tb_master_race_spi.tcl
close_sim
current_sim simulation_9
close_sim
close_sim
