#-----------------------------------------------------------
# Vivado v2019.1 (64-bit)
# SW Build 2552052 on Fri May 24 14:49:42 MDT 2019
# IP Build 2548770 on Fri May 24 18:01:18 MDT 2019
# Start of session at: Tue Oct  4 16:43:10 2022
# Process ID: 1184
# Current directory: C:/TDD/lab03spi-g03/Ejercicios/Proyectos/Ejercicio2
# Command line: vivado.exe -gui_launcher_event rodinguilauncherevent4512 C:\TDD\lab03spi-g03\Ejercicios\Proyectos\Ejercicio2\vivado_project.xpr
# Log file: C:/TDD/lab03spi-g03/Ejercicios/Proyectos/Ejercicio2/vivado.log
# Journal file: C:/TDD/lab03spi-g03/Ejercicios/Proyectos/Ejercicio2\vivado.jou
#-----------------------------------------------------------
start_gui
open_project C:/TDD/lab03spi-g03/Ejercicios/Proyectos/Ejercicio2/vivado_project.xpr
update_compile_order -fileset sources_1
create_ip_run [get_files -of_objects [get_fileset sources_1] C:/TDD/lab03spi-g03/Ejercicios/scr/xci/WCLK/WCLK.xci]
synth_design -rtl -name rtl_1
open_project C:/TDD/lab03spi-g03/Ejercicios/Proyectos/Ejercicio3/vivado_project.xpr
update_compile_order -fileset sources_1
synth_design -rtl -name rtl_1
add_files C:/TDD/lab03spi-g03/Ejercicios/scr/xci/WCLK/WCLK.xci
export_ip_user_files -of_objects  [get_files  C:/TDD/lab03spi-g03/Ejercicios/scr/xci/WCLK/WCLK.xci] -lib_map_path [list {modelsim=C:/TDD/lab03spi-g03/Ejercicios/Proyectos/Ejercicio3/vivado_project.cache/compile_simlib/modelsim} {questa=C:/TDD/lab03spi-g03/Ejercicios/Proyectos/Ejercicio3/vivado_project.cache/compile_simlib/questa} {riviera=C:/TDD/lab03spi-g03/Ejercicios/Proyectos/Ejercicio3/vivado_project.cache/compile_simlib/riviera} {activehdl=C:/TDD/lab03spi-g03/Ejercicios/Proyectos/Ejercicio3/vivado_project.cache/compile_simlib/activehdl}] -force -quiet
current_project vivado_project
current_project vivado_project(2)
update_compile_order -fileset sources_1
current_project vivado_project
current_project vivado_project(2)
create_ip_run [get_files -of_objects [get_fileset sources_1] C:/TDD/lab03spi-g03/Ejercicios/scr/xci/WCLK/WCLK.xci]
synth_design -rtl -name rtl_1
write_schematic -format pdf -orientation portrait C:/Users/rjesu/Desktop/schematic3.pdf
