#-----------------------------------------------------------
# Vivado v2019.1 (64-bit)
# SW Build 2552052 on Fri May 24 14:49:42 MDT 2019
# IP Build 2548770 on Fri May 24 18:01:18 MDT 2019
# Start of session at: Sat Sep 24 08:47:46 2022
# Process ID: 656
# Current directory: C:/Users/carlo/Andrey/TEC/Semestre_II_2022/Taller_Digitales/Laboratorios/Lab3/Respaldo/Ejercicios_v7/Proyectos/Ejercicio1
# Command line: vivado.exe -gui_launcher_event rodinguilauncherevent2164 C:\Users\carlo\Andrey\TEC\Semestre_II_2022\Taller_Digitales\Laboratorios\Lab3\Respaldo\Ejercicios_v7\Proyectos\Ejercicio1\vivado_project.xpr
# Log file: C:/Users/carlo/Andrey/TEC/Semestre_II_2022/Taller_Digitales/Laboratorios/Lab3/Respaldo/Ejercicios_v7/Proyectos/Ejercicio1/vivado.log
# Journal file: C:/Users/carlo/Andrey/TEC/Semestre_II_2022/Taller_Digitales/Laboratorios/Lab3/Respaldo/Ejercicios_v7/Proyectos/Ejercicio1\vivado.jou
#-----------------------------------------------------------
start_gui
open_project C:/Users/carlo/Andrey/TEC/Semestre_II_2022/Taller_Digitales/Laboratorios/Lab3/Respaldo/Ejercicios_v7/Proyectos/Ejercicio1/vivado_project.xpr
update_compile_order -fileset sources_1
export_ip_user_files -of_objects  [get_files C:/Users/carlo/Andrey/TEC/Semestre_II_2022/Taller_Digitales/Laboratorios/Lab3/Repo/lab03spi-g03/Ejercicios/Ejercicio1/module_seg7_control.sv] -no_script -reset -force -quiet
remove_files  C:/Users/carlo/Andrey/TEC/Semestre_II_2022/Taller_Digitales/Laboratorios/Lab3/Repo/lab03spi-g03/Ejercicios/Ejercicio1/module_seg7_control.sv
add_files -norecurse C:/Users/carlo/Andrey/TEC/Semestre_II_2022/Taller_Digitales/Laboratorios/Lab3/Respaldo/Ejercicios_v7/Compartido/module_seg7_control.sv
update_compile_order -fileset sources_1
close_project
