#-----------------------------------------------------------
# Webtalk v2019.1 (64-bit)
# SW Build 2552052 on Fri May 24 14:49:42 MDT 2019
# IP Build 2548770 on Fri May 24 18:01:18 MDT 2019
# Start of session at: Tue Oct  4 22:11:29 2022
# Process ID: 6432
# Current directory: C:/TDD/lab03spi-g03/Ejercicios/Proyectos/Ejercicio3/vivado_project.sim/sim_1/behav/xsim
# Command line: wbtcv.exe -mode batch -source C:/TDD/lab03spi-g03/Ejercicios/Proyectos/Ejercicio3/vivado_project.sim/sim_1/behav/xsim/xsim.dir/tb_spi_pmodALS_behav/webtalk/xsim_webtalk.tcl -notrace
# Log file: C:/TDD/lab03spi-g03/Ejercicios/Proyectos/Ejercicio3/vivado_project.sim/sim_1/behav/xsim/webtalk.log
# Journal file: C:/TDD/lab03spi-g03/Ejercicios/Proyectos/Ejercicio3/vivado_project.sim/sim_1/behav/xsim\webtalk.jou
#-----------------------------------------------------------
source C:/TDD/lab03spi-g03/Ejercicios/Proyectos/Ejercicio3/vivado_project.sim/sim_1/behav/xsim/xsim.dir/tb_spi_pmodALS_behav/webtalk/xsim_webtalk.tcl -notrace
